{
  "source": {
    "ip": "0.0.0.1",
    "port": 0,
    "metadata": null
  },
  "destination": {
    "ip": "0.0.0.9",
    "port": 0,
    "metadata": {
      "pod": "my-pod",
      "tls": "true"
    }
  },
  "routeMeta": null,
  "proxyDirection": "OUTBOUND",
  "requestInitEvent": {
    "id": {
      "base": 1,
      "stream": 0
    },
    "method": null,
    "scheme": null,
    "authority": "localhost",
    "path": "/some/path"
  }
}
{
  "source": {
    "ip": "0.0.0.1",
    "port": 0,
    "metadata": null
  },
  "destination": {
    "ip": "0.0.0.9",
    "port": 0,
    "metadata": null
  },
  "routeMeta": null,
  "proxyDirection": "OUTBOUND",
  "responseEndEvent": {
    "id": {
      "base": 1,
      "stream": 0
    },
    "sinceRequestInit": {
      "seconds": 10
    },
    "sinceResponseInit": {
      "seconds": 100
    },
    "responseBytes": 1337,
    "grpcStatusCode": 666
  }
}
